<!DOCTYPE html>
<html lang="en"><body id="wrapper">This is some fancy-💃 Markdown/WYSIWYG text with surrounding &lt;p&gt; tags disabled. 🎉</body>
</html>
