
<html lang="en"><body id="wrapper">This is some fancy-💃 Markdown/WYSIWYG text with surrounding <p> tags disabled. 🎉</p></body>
</html>