<!DOCTYPE html>
<html lang="en"><body id="wrapper">PHP🐘 is a very 😎 cool language to code in.</body>
</html>
