
<html lang="en"><body id="wrapper">This is some fancy-💃 Markdown/WYSIWYG text with surrounding tags disabled. 🎉</body>
</html>