This is some fancy-💃 Markdown/WYSIWYG text with surrounding tags disabled. 🎉