This is some fancy-💃 Markdown/WYSIWYG text with surrounding <p> tags disabled. 🎉</p>