<!DOCTYPE html PUBLIC "-//W3C//DTD HTML 4.0 Transitional//EN" "http://www.w3.org/TR/REC-html40/loose.dtd">
<html><body><p>PHP&eth;&#159;&#144;&#152; is a very &eth;&#159;&#152;&#142; cool language to code in.</p></body></html>
